WARNING: Package name "levelManager" does not follow the naming conventions. It should start with a lower case letter and only contain lower case letters, digits, underscores, and dashes.
[0.261s] WARNING:colcon.colcon_core.package_selection:Some selected packages are already built in one or more underlay workspaces:
	'tp_gmm' is in: /home/zizo/the_folder/ws_moveit/install/tp_gmm
If a package in a merged underlay workspace is overridden and it installs headers, then all packages in the overlay must sort their include directories by workspace order. Failure to do so may result in build failures or undefined behavior at run time.
If the overridden package is used by another package in any underlay, then the overriding package in the overlay must be API and ABI compatible or undefined behavior at run time may occur.

If you understand the risks and want to override a package anyways, add the following to the command line:
	--allow-overriding tp_gmm

This may be promoted to an error in a future release of colcon-override-check.
Starting >>> tp_gmm
--- stderr: tp_gmm
CMake Deprecation Warning at /opt/ros/jazzy/share/rosidl_cmake/cmake/rosidl_target_interfaces.cmake:32 (message):
  Use rosidl_get_typesupport_target() and target_link_libraries() instead of
  rosidl_target_interfaces().  i.e:

    rosidl_get_typesupport_target(cpp_typesupport_target "${PROJECT_NAME}" "rosidl_typesupport_cpp")
    target_link_libraries(${PROJECT_NAME}_node "${cpp_typesupport_target}")

Call Stack (most recent call first):
  CMakeLists.txt:60 (rosidl_target_interfaces)


CMake Deprecation Warning at /opt/ros/jazzy/share/rosidl_cmake/cmake/rosidl_target_interfaces.cmake:32 (message):
  Use rosidl_get_typesupport_target() and target_link_libraries() instead of
  rosidl_target_interfaces().  i.e:

    rosidl_get_typesupport_target(cpp_typesupport_target "${PROJECT_NAME}" "rosidl_typesupport_cpp")
    target_link_libraries(${PROJECT_NAME}_node "${cpp_typesupport_target}")

Call Stack (most recent call first):
  CMakeLists.txt:82 (rosidl_target_interfaces)


CMake Deprecation Warning at /opt/ros/jazzy/share/rosidl_cmake/cmake/rosidl_target_interfaces.cmake:32 (message):
  Use rosidl_get_typesupport_target() and target_link_libraries() instead of
  rosidl_target_interfaces().  i.e:

    rosidl_get_typesupport_target(cpp_typesupport_target "${PROJECT_NAME}" "rosidl_typesupport_cpp")
    target_link_libraries(${PROJECT_NAME}_node "${cpp_typesupport_target}")

Call Stack (most recent call first):
  CMakeLists.txt:88 (rosidl_target_interfaces)


/home/zizo/the_folder/ws_moveit/src/tp_gmm/scripts/gmm_rviz_converter.cpp: In static member function ‘static void tp_gmm::GMMRvizConverter::rainbow(float, float&, float&, float&)’:
/home/zizo/the_folder/ws_moveit/src/tp_gmm/scripts/gmm_rviz_converter.cpp:333:5: warning: this ‘if’ clause does not guard... [-Wmisleading-indentation]
  333 |     if (g > 1.0) g = 1.0; if (g < 0.0) g = 0.0;
      |     ^~
/home/zizo/the_folder/ws_moveit/src/tp_gmm/scripts/gmm_rviz_converter.cpp:333:27: note: ...this statement, but the latter is misleadingly indented as if it were guarded by the ‘if’
  333 |     if (g > 1.0) g = 1.0; if (g < 0.0) g = 0.0;
      |                           ^~
/home/zizo/the_folder/ws_moveit/src/tp_gmm/scripts/gmm_rviz_converter.cpp:334:5: warning: this ‘if’ clause does not guard... [-Wmisleading-indentation]
  334 |     if (r > 1.0) r = 1.0; if (r < 0.0) r = 0.0;
      |     ^~
/home/zizo/the_folder/ws_moveit/src/tp_gmm/scripts/gmm_rviz_converter.cpp:334:27: note: ...this statement, but the latter is misleadingly indented as if it were guarded by the ‘if’
  334 |     if (r > 1.0) r = 1.0; if (r < 0.0) r = 0.0;
      |                           ^~
/home/zizo/the_folder/ws_moveit/src/tp_gmm/scripts/gmm_rviz_converter.cpp:335:5: warning: this ‘if’ clause does not guard... [-Wmisleading-indentation]
  335 |     if (b > 1.0) b = 1.0; if (b < 0.0) b = 0.0;
      |     ^~
/home/zizo/the_folder/ws_moveit/src/tp_gmm/scripts/gmm_rviz_converter.cpp:335:27: note: ...this statement, but the latter is misleadingly indented as if it were guarded by the ‘if’
  335 |     if (b > 1.0) b = 1.0; if (b < 0.0) b = 0.0;
      |                           ^~
---
Finished <<< tp_gmm [10.4s]

Summary: 1 package finished [10.6s]
  1 package had stderr output: tp_gmm
